Archive member included to satisfy reference by file (symbol)

/Users/shengyisong/Documents/stm32_docs/STM32CubeExpansion_Crypto_V3.1.0/Fw_Crypto/STM32F0/Middlewares/ST/STM32_Cryptographic/Lib/libSTM32CryptographicV3.0.0_CM0_GCC_ot.a(crypto.o)
                              Core/Src/main.o (RNGinit)
/Applications/STM32CubeIDE.app/Contents/Eclipse/plugins/com.st.stm32cube.ide.mcu.externaltools.gnu-tools-for-stm32.7-2018-q2-update.macos64_1.4.0.202007081208/tools/bin/../lib/gcc/arm-none-eabi/7.3.1/../../../../arm-none-eabi/lib/thumb/v6-m/libc_nano.a(lib_a-errno.o)
                              Core/Src/syscalls.o (__errno)
/Applications/STM32CubeIDE.app/Contents/Eclipse/plugins/com.st.stm32cube.ide.mcu.externaltools.gnu-tools-for-stm32.7-2018-q2-update.macos64_1.4.0.202007081208/tools/bin/../lib/gcc/arm-none-eabi/7.3.1/../../../../arm-none-eabi/lib/thumb/v6-m/libc_nano.a(lib_a-exit.o)
                              /Applications/STM32CubeIDE.app/Contents/Eclipse/plugins/com.st.stm32cube.ide.mcu.externaltools.gnu-tools-for-stm32.7-2018-q2-update.macos64_1.4.0.202007081208/tools/bin/../lib/gcc/arm-none-eabi/7.3.1/../../../../arm-none-eabi/lib/thumb/v6-m/crt0.o (exit)
/Applications/STM32CubeIDE.app/Contents/Eclipse/plugins/com.st.stm32cube.ide.mcu.externaltools.gnu-tools-for-stm32.7-2018-q2-update.macos64_1.4.0.202007081208/tools/bin/../lib/gcc/arm-none-eabi/7.3.1/../../../../arm-none-eabi/lib/thumb/v6-m/libc_nano.a(lib_a-impure.o)
                              /Applications/STM32CubeIDE.app/Contents/Eclipse/plugins/com.st.stm32cube.ide.mcu.externaltools.gnu-tools-for-stm32.7-2018-q2-update.macos64_1.4.0.202007081208/tools/bin/../lib/gcc/arm-none-eabi/7.3.1/../../../../arm-none-eabi/lib/thumb/v6-m/libc_nano.a(lib_a-exit.o) (_global_impure_ptr)
/Applications/STM32CubeIDE.app/Contents/Eclipse/plugins/com.st.stm32cube.ide.mcu.externaltools.gnu-tools-for-stm32.7-2018-q2-update.macos64_1.4.0.202007081208/tools/bin/../lib/gcc/arm-none-eabi/7.3.1/../../../../arm-none-eabi/lib/thumb/v6-m/libc_nano.a(lib_a-init.o)
                              /Applications/STM32CubeIDE.app/Contents/Eclipse/plugins/com.st.stm32cube.ide.mcu.externaltools.gnu-tools-for-stm32.7-2018-q2-update.macos64_1.4.0.202007081208/tools/bin/../lib/gcc/arm-none-eabi/7.3.1/../../../../arm-none-eabi/lib/thumb/v6-m/crt0.o (__libc_init_array)
/Applications/STM32CubeIDE.app/Contents/Eclipse/plugins/com.st.stm32cube.ide.mcu.externaltools.gnu-tools-for-stm32.7-2018-q2-update.macos64_1.4.0.202007081208/tools/bin/../lib/gcc/arm-none-eabi/7.3.1/../../../../arm-none-eabi/lib/thumb/v6-m/libc_nano.a(lib_a-memcpy-stub.o)
                              /Users/shengyisong/Documents/stm32_docs/STM32CubeExpansion_Crypto_V3.1.0/Fw_Crypto/STM32F0/Middlewares/ST/STM32_Cryptographic/Lib/libSTM32CryptographicV3.0.0_CM0_GCC_ot.a(crypto.o) (memcpy)
/Applications/STM32CubeIDE.app/Contents/Eclipse/plugins/com.st.stm32cube.ide.mcu.externaltools.gnu-tools-for-stm32.7-2018-q2-update.macos64_1.4.0.202007081208/tools/bin/../lib/gcc/arm-none-eabi/7.3.1/../../../../arm-none-eabi/lib/thumb/v6-m/libc_nano.a(lib_a-memmove.o)
                              /Users/shengyisong/Documents/stm32_docs/STM32CubeExpansion_Crypto_V3.1.0/Fw_Crypto/STM32F0/Middlewares/ST/STM32_Cryptographic/Lib/libSTM32CryptographicV3.0.0_CM0_GCC_ot.a(crypto.o) (memmove)
/Applications/STM32CubeIDE.app/Contents/Eclipse/plugins/com.st.stm32cube.ide.mcu.externaltools.gnu-tools-for-stm32.7-2018-q2-update.macos64_1.4.0.202007081208/tools/bin/../lib/gcc/arm-none-eabi/7.3.1/../../../../arm-none-eabi/lib/thumb/v6-m/libc_nano.a(lib_a-memset.o)
                              /Applications/STM32CubeIDE.app/Contents/Eclipse/plugins/com.st.stm32cube.ide.mcu.externaltools.gnu-tools-for-stm32.7-2018-q2-update.macos64_1.4.0.202007081208/tools/bin/../lib/gcc/arm-none-eabi/7.3.1/../../../../arm-none-eabi/lib/thumb/v6-m/crt0.o (memset)
/Applications/STM32CubeIDE.app/Contents/Eclipse/plugins/com.st.stm32cube.ide.mcu.externaltools.gnu-tools-for-stm32.7-2018-q2-update.macos64_1.4.0.202007081208/tools/bin/../lib/gcc/arm-none-eabi/7.3.1/thumb/v6-m/libgcc.a(_udivsi3.o)
                              Core/Src/system_stm32f0xx.o (__aeabi_uidiv)
/Applications/STM32CubeIDE.app/Contents/Eclipse/plugins/com.st.stm32cube.ide.mcu.externaltools.gnu-tools-for-stm32.7-2018-q2-update.macos64_1.4.0.202007081208/tools/bin/../lib/gcc/arm-none-eabi/7.3.1/thumb/v6-m/libgcc.a(_divsi3.o)
                              /Users/shengyisong/Documents/stm32_docs/STM32CubeExpansion_Crypto_V3.1.0/Fw_Crypto/STM32F0/Middlewares/ST/STM32_Cryptographic/Lib/libSTM32CryptographicV3.0.0_CM0_GCC_ot.a(crypto.o) (__aeabi_idivmod)
/Applications/STM32CubeIDE.app/Contents/Eclipse/plugins/com.st.stm32cube.ide.mcu.externaltools.gnu-tools-for-stm32.7-2018-q2-update.macos64_1.4.0.202007081208/tools/bin/../lib/gcc/arm-none-eabi/7.3.1/thumb/v6-m/libgcc.a(_dvmd_tls.o)
[...]
Memory Configuration

Name             Origin             Length             Attributes
RAM              0x0000000020000000 0x0000000000001800 xrw
FLASH            0x0000000008000000 0x0000000000008000 xr
*default*        0x0000000000000000 0xffffffffffffffff

Linker script and memory map

LOAD /Applications/STM32CubeIDE.app/Contents/Eclipse/plugins/com.st.stm32cube.ide.mcu.externaltools.gnu-tools-for-stm32.7-2018-q2-update.macos64_1.4.0.202007081208/tools/bin/../lib/gcc/arm-none-eabi/7.3.1/thumb/v6-m/crti.o
LOAD /Applications/STM32CubeIDE.app/Contents/Eclipse/plugins/com.st.stm32cube.ide.mcu.externaltools.gnu-tools-for-stm32.7-2018-q2-update.macos64_1.4.0.202007081208/tools/bin/../lib/gcc/arm-none-eabi/7.3.1/thumb/v6-m/crtbegin.o
LOAD /Applications/STM32CubeIDE.app/Contents/Eclipse/plugins/com.st.stm32cube.ide.mcu.externaltools.gnu-tools-for-stm32.7-2018-q2-update.macos64_1.4.0.202007081208/tools/bin/../lib/gcc/arm-none-eabi/7.3.1/../../../../arm-none-eabi/lib/thumb/v6-m/crt0.o
LOAD Core/Src/main.o
LOAD Core/Src/stm32f0xx_hal_msp.o
LOAD Core/Src/stm32f0xx_it.o
LOAD Core/Src/syscalls.o
LOAD Core/Src/sysmem.o
LOAD Core/Src/system_stm32f0xx.o
LOAD Core/Startup/startup_stm32f042k6tx.o
LOAD Drivers/STM32F0xx_HAL_Driver/Src/stm32f0xx_hal.o
LOAD Drivers/STM32F0xx_HAL_Driver/Src/stm32f0xx_hal_cortex.o
LOAD Drivers/STM32F0xx_HAL_Driver/Src/stm32f0xx_hal_crc.o
LOAD Drivers/STM32F0xx_HAL_Driver/Src/stm32f0xx_hal_crc_ex.o
LOAD Drivers/STM32F0xx_HAL_Driver/Src/stm32f0xx_hal_dma.o
LOAD Drivers/STM32F0xx_HAL_Driver/Src/stm32f0xx_hal_exti.o
LOAD Drivers/STM32F0xx_HAL_Driver/Src/stm32f0xx_hal_flash.o
LOAD Drivers/STM32F0xx_HAL_Driver/Src/stm32f0xx_hal_flash_ex.o
LOAD Drivers/STM32F0xx_HAL_Driver/Src/stm32f0xx_hal_gpio.o
LOAD Drivers/STM32F0xx_HAL_Driver/Src/stm32f0xx_hal_i2c.o
LOAD Drivers/STM32F0xx_HAL_Driver/Src/stm32f0xx_hal_i2c_ex.o
LOAD Drivers/STM32F0xx_HAL_Driver/Src/stm32f0xx_hal_pwr.o
LOAD Drivers/STM32F0xx_HAL_Driver/Src/stm32f0xx_hal_pwr_ex.o
LOAD Drivers/STM32F0xx_HAL_Driver/Src/stm32f0xx_hal_rcc.o
LOAD Drivers/STM32F0xx_HAL_Driver/Src/stm32f0xx_hal_rcc_ex.o
LOAD Drivers/STM32F0xx_HAL_Driver/Src/stm32f0xx_hal_tim.o
LOAD Drivers/STM32F0xx_HAL_Driver/Src/stm32f0xx_hal_tim_ex.o
LOAD Drivers/STM32F0xx_HAL_Driver/Src/stm32f0xx_hal_uart.o
LOAD Drivers/STM32F0xx_HAL_Driver/Src/stm32f0xx_hal_uart_ex.o
LOAD /Users/shengyisong/Documents/stm32_docs/STM32CubeExpansion_Crypto_V3.1.0/Fw_Crypto/STM32F0/Middlewares/ST/STM32_Cryptographic/Lib/libSTM32CryptographicV3.0.0_CM0_GCC_ot.a
LOAD /Users/shengyisong/Documents/stm32_docs/STM32CubeExpansion_Crypto_V3.1.0/Fw_Crypto/STM32F0/Middlewares/ST/STM32_Cryptographic/Lib/libSTM32CryptographicV3.0.0_CM0_GCC.a
START GROUP
LOAD /Applications/STM32CubeIDE.app/Contents/Eclipse/plugins/com.st.stm32cube.ide.mcu.externaltools.gnu-tools-for-stm32.7-2018-q2-update.macos64_1.4.0.202007081208/tools/bin/../lib/gcc/arm-none-eabi/7.3.1/../../../../arm-none-eabi/lib/thumb/v6-m/libc_nano.a
LOAD /Applications/STM32CubeIDE.app/Contents/Eclipse/plugins/com.st.stm32cube.ide.mcu.externaltools.gnu-tools-for-stm32.7-2018-q2-update.macos64_1.4.0.202007081208/tools/bin/../lib/gcc/arm-none-eabi/7.3.1/../../../../arm-none-eabi/lib/thumb/v6-m/libm.a
END GROUP
START GROUP
LOAD /Applications/STM32CubeIDE.app/Contents/Eclipse/plugins/com.st.stm32cube.ide.mcu.externaltools.gnu-tools-for-stm32.7-2018-q2-update.macos64_1.4.0.202007081208/tools/bin/../lib/gcc/arm-none-eabi/7.3.1/thumb/v6-m/libgcc.a
LOAD /Applications/STM32CubeIDE.app/Contents/Eclipse/plugins/com.st.stm32cube.ide.mcu.externaltools.gnu-tools-for-stm32.7-2018-q2-update.macos64_1.4.0.202007081208/tools/bin/../lib/gcc/arm-none-eabi/7.3.1/../../../../arm-none-eabi/lib/thumb/v6-m/libc_nano.a
END GROUP
START GROUP
LOAD /Applications/STM32CubeIDE.app/Contents/Eclipse/plugins/com.st.stm32cube.ide.mcu.externaltools.gnu-tools-for-stm32.7-2018-q2-update.macos64_1.4.0.202007081208/tools/bin/../lib/gcc/arm-none-eabi/7.3.1/thumb/v6-m/libgcc.a
LOAD /Applications/STM32CubeIDE.app/Contents/Eclipse/plugins/com.st.stm32cube.ide.mcu.externaltools.gnu-tools-for-stm32.7-2018-q2-update.macos64_1.4.0.202007081208/tools/bin/../lib/gcc/arm-none-eabi/7.3.1/../../../../arm-none-eabi/lib/thumb/v6-m/libc_nano.a
LOAD /Applications/STM32CubeIDE.app/Contents/Eclipse/plugins/com.st.stm32cube.ide.mcu.externaltools.gnu-tools-for-stm32.7-2018-q2-update.macos64_1.4.0.202007081208/tools/bin/../lib/gcc/arm-none-eabi/7.3.1/../../../../arm-none-eabi/lib/thumb/v6-m/libnosys.a
END GROUP
START GROUP
LOAD /Applications/STM32CubeIDE.app/Contents/Eclipse/plugins/com.st.stm32cube.ide.mcu.externaltools.gnu-tools-for-stm32.7-2018-q2-update.macos64_1.4.0.202007081208/tools/bin/../lib/gcc/arm-none-eabi/7.3.1/thumb/v6-m/libgcc.a
LOAD /Applications/STM32CubeIDE.app/Contents/Eclipse/plugins/com.st.stm32cube.ide.mcu.externaltools.gnu-tools-for-stm32.7-2018-q2-update.macos64_1.4.0.202007081208/tools/bin/../lib/gcc/arm-none-eabi/7.3.1/../../../../arm-none-eabi/lib/thumb/v6-m/libc_nano.a
LOAD /Applications/STM32CubeIDE.app/Contents/Eclipse/plugins/com.st.stm32cube.ide.mcu.externaltools.gnu-tools-for-stm32.7-2018-q2-update.macos64_1.4.0.202007081208/tools/bin/../lib/gcc/arm-none-eabi/7.3.1/../../../../arm-none-eabi/lib/thumb/v6-m/libnosys.a
END GROUP
LOAD /Applications/STM32CubeIDE.app/Contents/Eclipse/plugins/com.st.stm32cube.ide.mcu.externaltools.gnu-tools-for-stm32.7-2018-q2-update.macos64_1.4.0.202007081208/tools/bin/../lib/gcc/arm-none-eabi/7.3.1/thumb/v6-m/crtend.o
LOAD /Applications/STM32CubeIDE.app/Contents/Eclipse/plugins/com.st.stm32cube.ide.mcu.externaltools.gnu-tools-for-stm32.7-2018-q2-update.macos64_1.4.0.202007081208/tools/bin/../lib/gcc/arm-none-eabi/7.3.1/thumb/v6-m/crtn.o
                0x0000000020001800                _estack = (ORIGIN (RAM) + LENGTH (RAM))
                0x0000000000000200                _Min_Heap_Size = 0x200
                0x0000000000000400                _Min_Stack_Size = 0x400

.isr_vector     0x0000000008000000       0xc0
                0x0000000008000000                . = ALIGN (0x4)
 *(.isr_vector)
 .isr_vector    0x0000000008000000       0xc0 Core/Startup/startup_stm32f042k6tx.o
                0x0000000008000000                g_pfnVectors
                0x00000000080000c0                . = ALIGN (0x4)

.text           0x00000000080000c0     0x6c48
                0x00000000080000c0                . = ALIGN (0x4)
 *(.text)
 .text          0x00000000080000c0       0x48 /Applications/STM32CubeIDE.app/Contents/Eclipse/plugins/com.st.stm32cube.ide.mcu.externaltools.gnu-tools-for-stm32.7-2018-q2-update.macos64_1.4.0.202007081208/tools/bin/../lib/gcc/arm-none-eabi/7.3.1/thumb/v6-m/crtbegin.o
 .text          0x0000000008000108      0x114 /Applications/STM32CubeIDE.app/Contents/Eclipse/plugins/com.st.stm32cube.ide.mcu.externaltools.gnu-tools-for-stm32.7-2018-q2-update.macos64_1.4.0.202007081208/tools/bin/../lib/gcc/arm-none-eabi/7.3.1/thumb/v6-m/libgcc.a(_udivsi3.o)
                0x0000000008000108                __udivsi3
                0x0000000008000108                __aeabi_uidiv
                0x0000000008000214                __aeabi_uidivmod
 .text          0x000000000800021c        0x4 /Applications/STM32CubeIDE.app/Contents/Eclipse/plugins/com.st.stm32cube.ide.mcu.externaltools.gnu-tools-for-stm32.7-2018-q2-update.macos64_1.4.0.202007081208/tools/bin/../lib/gcc/arm-none-eabi/7.3.1/thumb/v6-m/libgcc.a(_dvmd_tls.o)
                0x000000000800021c                __aeabi_ldiv0
                0x000000000800021c                __aeabi_idiv0
 .text          0x0000000008000220       0x54 /Applications/STM32CubeIDE.app/Contents/Eclipse/plugins/com.st.stm32cube.ide.mcu.externaltools.gnu-tools-for-stm32.7-2018-q2-update.macos64_1.4.0.202007081208/tools/bin/../lib/gcc/arm-none-eabi/7.3.1/thumb/v6-m/libgcc.a(_muldi3.o)
                0x0000000008000220                __aeabi_lmul
                0x0000000008000220                __muldi3
 *(.text*)
 .text.main     0x0000000008000274       0xd0 Core/Src/main.o
                0x0000000008000274                main
 .text.MX_CRC_Init
                0x0000000008000344       0x40 Core/Src/main.o
 .text.MX_USART2_UART_Init
                0x0000000008000384       0x60 Core/Src/main.o
 .text.Error_Handler
                0x00000000080003e4        0xa Core/Src/main.o
                0x00000000080003e4                Error_Handler
 *fill*         0x00000000080003ee        0x2 
 .text.HAL_MspInit
                0x00000000080003f0       0x48 Core/Src/stm32f0xx_hal_msp.o
                0x00000000080003f0                HAL_MspInit
 .text.HAL_CRC_MspInit
                0x0000000008000438       0x3c Core/Src/stm32f0xx_hal_msp.o
                0x0000000008000438                HAL_CRC_MspInit
 .text.HAL_UART_MspInit
                0x0000000008000474       0x9c Core/Src/stm32f0xx_hal_msp.o
                0x0000000008000474                HAL_UART_MspInit
 .text.NMI_Handler
                0x0000000008000510        0xa Core/Src/stm32f0xx_it.o
                0x0000000008000510                NMI_Handler
 .text.HardFault_Handler
                0x000000000800051a        0x6 Core/Src/stm32f0xx_it.o
                0x000000000800051a                HardFault_Handler
 .text.SVC_Handler
                0x0000000008000520        0xa Core/Src/stm32f0xx_it.o
                0x0000000008000520                SVC_Handler
 .text.PendSV_Handler
                0x000000000800052a        0xa Core/Src/stm32f0xx_it.o
                0x000000000800052a                PendSV_Handler
 .text.SysTick_Handler
                0x0000000008000534        0xe Core/Src/stm32f0xx_it.o
                0x0000000008000534                SysTick_Handler
 .text.SystemInit
                0x0000000008000542        0xa Core/Src/system_stm32f0xx.o
                0x0000000008000542                SystemInit
 .text.Reset_Handler
                0x000000000800054c       0x80 Core/Startup/startup_stm32f042k6tx.o
                0x000000000800054c                Reset_Handler
 .text.Default_Handler
                0x00000000080005cc        0x2 Core/Startup/startup_stm32f042k6tx.o
                0x00000000080005cc                TIM1_BRK_UP_TRG_COM_IRQHandler
                0x00000000080005cc                TSC_IRQHandler
                0x00000000080005cc                I2C1_IRQHandler
                0x00000000080005cc                RCC_CRS_IRQHandler
                0x00000000080005cc                SPI1_IRQHandler
                0x00000000080005cc                EXTI2_3_IRQHandler
                0x00000000080005cc                ADC1_IRQHandler
                0x00000000080005cc                TIM17_IRQHandler
                0x00000000080005cc                CEC_CAN_IRQHandler
                0x00000000080005cc                RTC_IRQHandler
                0x00000000080005cc                PVD_VDDIO2_IRQHandler
                0x00000000080005cc                TIM16_IRQHandler
                0x00000000080005cc                TIM3_IRQHandler
                0x00000000080005cc                EXTI4_15_IRQHandler
                0x00000000080005cc                DMA1_Channel1_IRQHandler
                0x00000000080005cc                Default_Handler
                0x00000000080005cc                TIM14_IRQHandler
                0x00000000080005cc                DMA1_Channel4_5_IRQHandler
                0x00000000080005cc                EXTI0_1_IRQHandler
                0x00000000080005cc                USB_IRQHandler
                0x00000000080005cc                SPI2_IRQHandler
                0x00000000080005cc                WWDG_IRQHandler
                0x00000000080005cc                TIM2_IRQHandler
                0x00000000080005cc                DMA1_Channel2_3_IRQHandler
                0x00000000080005cc                USART2_IRQHandler
                0x00000000080005cc                FLASH_IRQHandler
                0x00000000080005cc                USART1_IRQHandler
                0x00000000080005cc                TIM1_CC_IRQHandler
 *fill*         0x00000000080005ce        0x2 
 .text.HAL_Init
                0x00000000080005d0       0x28 Drivers/STM32F0xx_HAL_Driver/Src/stm32f0xx_hal.o
                0x00000000080005d0                HAL_Init
 .text.HAL_InitTick
                0x00000000080005f8       0x68 Drivers/STM32F0xx_HAL_Driver/Src/stm32f0xx_hal.o
                0x00000000080005f8                HAL_InitTick
 .text.HAL_IncTick
                0x0000000008000660       0x24 Drivers/STM32F0xx_HAL_Driver/Src/stm32f0xx_hal.o
                0x0000000008000660                HAL_IncTick
 .text.HAL_GetTick
                0x0000000008000684       0x14 Drivers/STM32F0xx_HAL_Driver/Src/stm32f0xx_hal.o
                0x0000000008000684                HAL_GetTick
 .text.__NVIC_SetPriority
                0x0000000008000698       0xdc Drivers/STM32F0xx_HAL_Driver/Src/stm32f0xx_hal_cortex.o
 .text.SysTick_Config
                0x0000000008000774       0x48 Drivers/STM32F0xx_HAL_Driver/Src/stm32f0xx_hal_cortex.o
 .text.HAL_NVIC_SetPriority
                0x00000000080007bc       0x2a Drivers/STM32F0xx_HAL_Driver/Src/stm32f0xx_hal_cortex.o
                0x00000000080007bc                HAL_NVIC_SetPriority
 .text.HAL_SYSTICK_Config
                0x00000000080007e6       0x1a Drivers/STM32F0xx_HAL_Driver/Src/stm32f0xx_hal_cortex.o
                0x00000000080007e6                HAL_SYSTICK_Config
 .text.HAL_CRC_Init
                0x0000000008000800       0x8e Drivers/STM32F0xx_HAL_Driver/Src/stm32f0xx_hal_crc.o
                0x0000000008000800                HAL_CRC_Init
 *fill*         0x000000000800088e        0x2 
 .text.HAL_GPIO_Init
                0x0000000008000890      0x2d0 Drivers/STM32F0xx_HAL_Driver/Src/stm32f0xx_hal_gpio.o
                0x0000000008000890                HAL_GPIO_Init
 .text.HAL_RCC_GetSysClockFreq
                0x0000000008000b60       0xfc Drivers/STM32F0xx_HAL_Driver/Src/stm32f0xx_hal_rcc.o
                0x0000000008000b60                HAL_RCC_GetSysClockFreq
 .text.HAL_RCC_GetHCLKFreq
                0x0000000008000c5c       0x14 Drivers/STM32F0xx_HAL_Driver/Src/stm32f0xx_hal_rcc.o
                0x0000000008000c5c                HAL_RCC_GetHCLKFreq
 .text.HAL_RCC_GetPCLK1Freq
                0x0000000008000c70       0x2c Drivers/STM32F0xx_HAL_Driver/Src/stm32f0xx_hal_rcc.o
                0x0000000008000c70                HAL_RCC_GetPCLK1Freq
 .text.HAL_UART_Init
                0x0000000008000c9c       0xa8 Drivers/STM32F0xx_HAL_Driver/Src/stm32f0xx_hal_uart.o
                0x0000000008000c9c                HAL_UART_Init
 .text.UART_SetConfig
                0x0000000008000d44      0x30c Drivers/STM32F0xx_HAL_Driver/Src/stm32f0xx_hal_uart.o
                0x0000000008000d44                UART_SetConfig
 .text.UART_AdvFeatureConfig
                0x0000000008001050      0x168 Drivers/STM32F0xx_HAL_Driver/Src/stm32f0xx_hal_uart.o
                0x0000000008001050                UART_AdvFeatureConfig
 .text.UART_CheckIdleState
                0x00000000080011b8       0x8c Drivers/STM32F0xx_HAL_Driver/Src/stm32f0xx_hal_uart.o
                0x00000000080011b8                UART_CheckIdleState
 .text.UART_WaitOnFlagUntilTimeout
                0x0000000008001244       0xfc Drivers/STM32F0xx_HAL_Driver/Src/stm32f0xx_hal_uart.o
                0x0000000008001244                UART_WaitOnFlagUntilTimeout
 .text.AES_keyschedule_enc_LL
                0x0000000008001340      0x1ec /Users/shengyisong/Documents/stm32_docs/STM32CubeExpansion_Crypto_V3.1.0/Fw_Crypto/STM32F0/Middlewares/ST/STM32_Cryptographic/Lib/libSTM32CryptographicV3.0.0_CM0_GCC_ot.a(crypto.o)
 .text.SHA512Transform
                0x000000000800152c      0x690 /Users/shengyisong/Documents/stm32_docs/STM32CubeExpansion_Crypto_V3.1.0/Fw_Crypto/STM32F0/Middlewares/ST/STM32_Cryptographic/Lib/libSTM32CryptographicV3.0.0_CM0_GCC_ot.a(crypto.o)
 *fill*         0x0000000008001bbc        0x4 
 .text.barrett_reduce
                0x0000000008001bc0      0xae0 /Users/shengyisong/Documents/stm32_docs/STM32CubeExpansion_Crypto_V3.1.0/Fw_Crypto/STM32F0/Middlewares/ST/STM32_Cryptographic/Lib/libSTM32CryptographicV3.0.0_CM0_GCC_ot.a(crypto.o)
 .text.AES_general_SW_enc
                0x00000000080026a0      0x3cc /Users/shengyisong/Documents/stm32_docs/STM32CubeExpansion_Crypto_V3.1.0/Fw_Crypto/STM32F0/Middlewares/ST/STM32_Cryptographic/Lib/libSTM32CryptographicV3.0.0_CM0_GCC_ot.a(crypto.o)
                0x00000000080026a0                AES_general_SW_enc
 .text.DRBG_AES128_Block_cipher_df.constprop.37
                0x0000000008002a6c      0x258 /Users/shengyisong/Documents/stm32_docs/STM32CubeExpansion_Crypto_V3.1.0/Fw_Crypto/STM32F0/Middlewares/ST/STM32_Cryptographic/Lib/libSTM32CryptographicV3.0.0_CM0_GCC_ot.a(crypto.o)
 .text.crl_DRBG_AES128_Generate.part.25.constprop.36
                0x0000000008002cc4      0x1f8 /Users/shengyisong/Documents/stm32_docs/STM32CubeExpansion_Crypto_V3.1.0/Fw_Crypto/STM32F0/Middlewares/ST/STM32_Cryptographic/Lib/libSTM32CryptographicV3.0.0_CM0_GCC_ot.a(crypto.o)
 .text.crl_DRBG_AES128_Generate.part.25
                0x0000000008002ebc      0x328 /Users/shengyisong/Documents/stm32_docs/STM32CubeExpansion_Crypto_V3.1.0/Fw_Crypto/STM32F0/Middlewares/ST/STM32_Cryptographic/Lib/libSTM32CryptographicV3.0.0_CM0_GCC_ot.a(crypto.o)
 .text.SHA512Update
                0x00000000080031e4       0xdc /Users/shengyisong/Documents/stm32_docs/STM32CubeExpansion_Crypto_V3.1.0/Fw_Crypto/STM32F0/Middlewares/ST/STM32_Cryptographic/Lib/libSTM32CryptographicV3.0.0_CM0_GCC_ot.a(crypto.o)
                0x00000000080031e4                SHA512Update
 .text.SHA512Final
                0x00000000080032c0      0x118 /Users/shengyisong/Documents/stm32_docs/STM32CubeExpansion_Crypto_V3.1.0/Fw_Crypto/STM32F0/Middlewares/ST/STM32_Cryptographic/Lib/libSTM32CryptographicV3.0.0_CM0_GCC_ot.a(crypto.o)
                0x00000000080032c0                SHA512Final
 .text.crl_DRBG_AES128_Instantiate
                0x00000000080033d8      0x130 /Users/shengyisong/Documents/stm32_docs/STM32CubeExpansion_Crypto_V3.1.0/Fw_Crypto/STM32F0/Middlewares/ST/STM32_Cryptographic/Lib/libSTM32CryptographicV3.0.0_CM0_GCC_ot.a(crypto.o)
                0x00000000080033d8                crl_DRBG_AES128_Instantiate
 .text.RNGinit  0x0000000008003508       0x40 /Users/shengyisong/Documents/stm32_docs/STM32CubeExpansion_Crypto_V3.1.0/Fw_Crypto/STM32F0/Middlewares/ST/STM32_Cryptographic/Lib/libSTM32CryptographicV3.0.0_CM0_GCC_ot.a(crypto.o)
                0x0000000008003508                RNGinit
 .text.RNGfree  0x0000000008003548       0x28 /Users/shengyisong/Documents/stm32_docs/STM32CubeExpansion_Crypto_V3.1.0/Fw_Crypto/STM32F0/Middlewares/ST/STM32_Cryptographic/Lib/libSTM32CryptographicV3.0.0_CM0_GCC_ot.a(crypto.o)
                0x0000000008003548                RNGfree
 .text.RNGgenBytes
                0x0000000008003570       0xf4 /Users/shengyisong/Documents/stm32_docs/STM32CubeExpansion_Crypto_V3.1.0/Fw_Crypto/STM32F0/Middlewares/ST/STM32_Cryptographic/Lib/libSTM32CryptographicV3.0.0_CM0_GCC_ot.a(crypto.o)
                0x0000000008003570                RNGgenBytes
 .text.fe25519_mul
                0x0000000008003664      0x3a0 /Users/shengyisong/Documents/stm32_docs/STM32CubeExpansion_Crypto_V3.1.0/Fw_Crypto/STM32F0/Middlewares/ST/STM32_Cryptographic/Lib/libSTM32CryptographicV3.0.0_CM0_GCC_ot.a(crypto.o)
                0x0000000008003664                fe25519_mul
 .text.ed25519_double
                0x0000000008003a04      0xb0c /Users/shengyisong/Documents/stm32_docs/STM32CubeExpansion_Crypto_V3.1.0/Fw_Crypto/STM32F0/Middlewares/ST/STM32_Cryptographic/Lib/libSTM32CryptographicV3.0.0_CM0_GCC_ot.a(crypto.o)
 .text.ge25519_scalarmult_base
                0x0000000008004510     0x1f6c /Users/shengyisong/Documents/stm32_docs/STM32CubeExpansion_Crypto_V3.1.0/Fw_Crypto/STM32F0/Middlewares/ST/STM32_Cryptographic/Lib/libSTM32CryptographicV3.0.0_CM0_GCC_ot.a(crypto.o)
                0x0000000008004510                ge25519_scalarmult_base
 .text.fe25519_invert
                0x000000000800647c      0x224 /Users/shengyisong/Documents/stm32_docs/STM32CubeExpansion_Crypto_V3.1.0/Fw_Crypto/STM32F0/Middlewares/ST/STM32_Cryptographic/Lib/libSTM32CryptographicV3.0.0_CM0_GCC_ot.a(crypto.o)
                0x000000000800647c                fe25519_invert
 .text.ED25519keyGen
                0x00000000080066a0      0x5c0 /Users/shengyisong/Documents/stm32_docs/STM32CubeExpansion_Crypto_V3.1.0/Fw_Crypto/STM32F0/Middlewares/ST/STM32_Cryptographic/Lib/libSTM32CryptographicV3.0.0_CM0_GCC_ot.a(crypto.o)
                0x00000000080066a0                ED25519keyGen
 .text.__libc_init_array
                0x0000000008006c60       0x48 /Applications/STM32CubeIDE.app/Contents/Eclipse/plugins/com.st.stm32cube.ide.mcu.externaltools.gnu-tools-for-stm32.7-2018-q2-update.macos64_1.4.0.202007081208/tools/bin/../lib/gcc/arm-none-eabi/7.3.1/../../../../arm-none-eabi/lib/thumb/v6-m/libc_nano.a(lib_a-init.o)
                0x0000000008006c60                __libc_init_array
 .text.memcpy   0x0000000008006ca8       0x12 /Applications/STM32CubeIDE.app/Contents/Eclipse/plugins/com.st.stm32cube.ide.mcu.externaltools.gnu-tools-for-stm32.7-2018-q2-update.macos64_1.4.0.202007081208/tools/bin/../lib/gcc/arm-none-eabi/7.3.1/../../../../arm-none-eabi/lib/thumb/v6-m/libc_nano.a(lib_a-memcpy-stub.o)
                0x0000000008006ca8                memcpy
 .text.memmove  0x0000000008006cba       0x26 /Applications/STM32CubeIDE.app/Contents/Eclipse/plugins/com.st.stm32cube.ide.mcu.externaltools.gnu-tools-for-stm32.7-2018-q2-update.macos64_1.4.0.202007081208/tools/bin/../lib/gcc/arm-none-eabi/7.3.1/../../../../arm-none-eabi/lib/thumb/v6-m/libc_nano.a(lib_a-memmove.o)
                0x0000000008006cba                memmove
 .text.memset   0x0000000008006ce0       0x10 /Applications/STM32CubeIDE.app/Contents/Eclipse/plugins/com.st.stm32cube.ide.mcu.externaltools.gnu-tools-for-stm32.7-2018-q2-update.macos64_1.4.0.202007081208/tools/bin/../lib/gcc/arm-none-eabi/7.3.1/../../../../arm-none-eabi/lib/thumb/v6-m/libc_nano.a(lib_a-memset.o)
                0x0000000008006ce0                memset
 *(.glue_7)
 .glue_7        0x0000000008006cf0        0x0 linker stubs
 *(.glue_7t)
 .glue_7t       0x0000000008006cf0        0x0 linker stubs
 *(.eh_frame)
 .eh_frame      0x0000000008006cf0        0x0 /Applications/STM32CubeIDE.app/Contents/Eclipse/plugins/com.st.stm32cube.ide.mcu.externaltools.gnu-tools-for-stm32.7-2018-q2-update.macos64_1.4.0.202007081208/tools/bin/../lib/gcc/arm-none-eabi/7.3.1/thumb/v6-m/crtbegin.o
 *(.init)
 .init          0x0000000008006cf0        0x4 /Applications/STM32CubeIDE.app/Contents/Eclipse/plugins/com.st.stm32cube.ide.mcu.externaltools.gnu-tools-for-stm32.7-2018-q2-update.macos64_1.4.0.202007081208/tools/bin/../lib/gcc/arm-none-eabi/7.3.1/thumb/v6-m/crti.o
                0x0000000008006cf0                _init
 .init          0x0000000008006cf4        0x8 /Applications/STM32CubeIDE.app/Contents/Eclipse/plugins/com.st.stm32cube.ide.mcu.externaltools.gnu-tools-for-stm32.7-2018-q2-update.macos64_1.4.0.202007081208/tools/bin/../lib/gcc/arm-none-eabi/7.3.1/thumb/v6-m/crtn.o
 *(.fini)
 .fini          0x0000000008006cfc        0x4 /Applications/STM32CubeIDE.app/Contents/Eclipse/plugins/com.st.stm32cube.ide.mcu.externaltools.gnu-tools-for-stm32.7-2018-q2-update.macos64_1.4.0.202007081208/tools/bin/../lib/gcc/arm-none-eabi/7.3.1/thumb/v6-m/crti.o
                0x0000000008006cfc                _fini
 .fini          0x0000000008006d00        0x8 /Applications/STM32CubeIDE.app/Contents/Eclipse/plugins/com.st.stm32cube.ide.mcu.externaltools.gnu-tools-for-stm32.7-2018-q2-update.macos64_1.4.0.202007081208/tools/bin/../lib/gcc/arm-none-eabi/7.3.1/thumb/v6-m/crtn.o
                0x0000000008006d08                . = ALIGN (0x4)
                0x0000000008006d08                _etext = .

.vfp11_veneer   0x0000000008006d08        0x0
 .vfp11_veneer  0x0000000008006d08        0x0 linker stubs

.v4_bx          0x0000000008006d08        0x0
 .v4_bx         0x0000000008006d08        0x0 linker stubs

.iplt           0x0000000008006d08        0x0
 .iplt          0x0000000008006d08        0x0 /Applications/STM32CubeIDE.app/Contents/Eclipse/plugins/com.st.stm32cube.ide.mcu.externaltools.gnu-tools-for-stm32.7-2018-q2-update.macos64_1.4.0.202007081208/tools/bin/../lib/gcc/arm-none-eabi/7.3.1/thumb/v6-m/crtbegin.o

.rodata         0x0000000008006d08      0xbb4
                0x0000000008006d08                . = ALIGN (0x4)
 *(.rodata)
 .rodata        0x0000000008006d08       0x20 Drivers/STM32F0xx_HAL_Driver/Src/stm32f0xx_hal_rcc.o
 .rodata        0x0000000008006d28      0x2fc /Users/shengyisong/Documents/stm32_docs/STM32CubeExpansion_Crypto_V3.1.0/Fw_Crypto/STM32F0/Middlewares/ST/STM32_Cryptographic/Lib/libSTM32CryptographicV3.0.0_CM0_GCC_ot.a(crypto.o)
 *(.rodata*)
 .rodata.APBPrescTable
                0x0000000008007024        0x8 Core/Src/system_stm32f0xx.o
                0x0000000008007024                APBPrescTable
 .rodata.rcon   0x000000000800702c       0x28 /Users/shengyisong/Documents/stm32_docs/STM32CubeExpansion_Crypto_V3.1.0/Fw_Crypto/STM32F0/Middlewares/ST/STM32_Cryptographic/Lib/libSTM32CryptographicV3.0.0_CM0_GCC_ot.a(crypto.o)
                0x000000000800702c                rcon
 .rodata.m      0x0000000008007054       0x20 /Users/shengyisong/Documents/stm32_docs/STM32CubeExpansion_Crypto_V3.1.0/Fw_Crypto/STM32F0/Middlewares/ST/STM32_Cryptographic/Lib/libSTM32CryptographicV3.0.0_CM0_GCC_ot.a(crypto.o)
 *fill*         0x0000000008007074        0x4 
 .rodata.sha512_K
                0x0000000008007078      0x280 /Users/shengyisong/Documents/stm32_docs/STM32CubeExpansion_Crypto_V3.1.0/Fw_Crypto/STM32F0/Middlewares/ST/STM32_Cryptographic/Lib/libSTM32CryptographicV3.0.0_CM0_GCC_ot.a(crypto.o)
 .rodata.ge25519_ec2d
                0x00000000080072f8       0x20 /Users/shengyisong/Documents/stm32_docs/STM32CubeExpansion_Crypto_V3.1.0/Fw_Crypto/STM32F0/Middlewares/ST/STM32_Cryptographic/Lib/libSTM32CryptographicV3.0.0_CM0_GCC_ot.a(crypto.o)
 .rodata.enc_table
                0x0000000008007318      0x400 /Users/shengyisong/Documents/stm32_docs/STM32CubeExpansion_Crypto_V3.1.0/Fw_Crypto/STM32F0/Middlewares/ST/STM32_Cryptographic/Lib/libSTM32CryptographicV3.0.0_CM0_GCC_ot.a(crypto.o)
                0x0000000008007318                enc_table
 .rodata.mu     0x0000000008007718       0x24 /Users/shengyisong/Documents/stm32_docs/STM32CubeExpansion_Crypto_V3.1.0/Fw_Crypto/STM32F0/Middlewares/ST/STM32_Cryptographic/Lib/libSTM32CryptographicV3.0.0_CM0_GCC_ot.a(crypto.o)
 .rodata.Sbox   0x000000000800773c      0x100 /Users/shengyisong/Documents/stm32_docs/STM32CubeExpansion_Crypto_V3.1.0/Fw_Crypto/STM32F0/Middlewares/ST/STM32_Cryptographic/Lib/libSTM32CryptographicV3.0.0_CM0_GCC_ot.a(crypto.o)
                0x000000000800773c                Sbox
 .rodata.ge25519_base
                0x000000000800783c       0x80 /Users/shengyisong/Documents/stm32_docs/STM32CubeExpansion_Crypto_V3.1.0/Fw_Crypto/STM32F0/Middlewares/ST/STM32_Cryptographic/Lib/libSTM32CryptographicV3.0.0_CM0_GCC_ot.a(crypto.o)
                0x000000000800783c                ge25519_base
                0x00000000080078bc                . = ALIGN (0x4)

.rel.dyn        0x00000000080078bc        0x0
 .rel.iplt      0x00000000080078bc        0x0 /Applications/STM32CubeIDE.app/Contents/Eclipse/plugins/com.st.stm32cube.ide.mcu.externaltools.gnu-tools-for-stm32.7-2018-q2-update.macos64_1.4.0.202007081208/tools/bin/../lib/gcc/arm-none-eabi/7.3.1/thumb/v6-m/crtbegin.o

.ARM.extab      0x00000000080078bc        0x0
                0x00000000080078bc                . = ALIGN (0x4)
 *(.ARM.extab* .gnu.linkonce.armextab.*)
                0x00000000080078bc                . = ALIGN (0x4)

.ARM            0x00000000080078bc        0x0
                0x00000000080078bc                . = ALIGN (0x4)
                0x00000000080078bc                __exidx_start = .
 *(.ARM.exidx*)
                0x00000000080078bc                __exidx_end = .
                0x00000000080078bc                . = ALIGN (0x4)

.preinit_array  0x00000000080078bc        0x0
                0x00000000080078bc                . = ALIGN (0x4)
                0x00000000080078bc                PROVIDE (__preinit_array_start = .)
 *(.preinit_array*)
                0x00000000080078bc                PROVIDE (__preinit_array_end = .)
                0x00000000080078bc                . = ALIGN (0x4)

.init_array     0x00000000080078bc        0x4
                0x00000000080078bc                . = ALIGN (0x4)
                0x00000000080078bc                PROVIDE (__init_array_start = .)
 *(SORT_BY_NAME(.init_array.*))
 *(.init_array*)
 .init_array    0x00000000080078bc        0x4 /Applications/STM32CubeIDE.app/Contents/Eclipse/plugins/com.st.stm32cube.ide.mcu.externaltools.gnu-tools-for-stm32.7-2018-q2-update.macos64_1.4.0.202007081208/tools/bin/../lib/gcc/arm-none-eabi/7.3.1/thumb/v6-m/crtbegin.o
                0x00000000080078c0                PROVIDE (__init_array_end = .)
                0x00000000080078c0                . = ALIGN (0x4)

.fini_array     0x00000000080078c0        0x4
                0x00000000080078c0                . = ALIGN (0x4)
                [!provide]                        PROVIDE (__fini_array_start = .)
 *(SORT_BY_NAME(.fini_array.*))
 *(.fini_array*)
 .fini_array    0x00000000080078c0        0x4 /Applications/STM32CubeIDE.app/Contents/Eclipse/plugins/com.st.stm32cube.ide.mcu.externaltools.gnu-tools-for-stm32.7-2018-q2-update.macos64_1.4.0.202007081208/tools/bin/../lib/gcc/arm-none-eabi/7.3.1/thumb/v6-m/crtbegin.o
                [!provide]                        PROVIDE (__fini_array_end = .)
                0x00000000080078c4                . = ALIGN (0x4)
                0x00000000080078c4                _sidata = LOADADDR (.data)

.data           0x0000000020000000       0x3c load address 0x00000000080078c4
                0x0000000020000000                . = ALIGN (0x4)
                0x0000000020000000                _sdata = .
 *(.data)
 *(.data*)
 .data.entropy_data
                0x0000000020000000       0x20 Core/Src/main.o
                0x0000000020000000                entropy_data
 .data.nonce    0x0000000020000020        0x6 Core/Src/main.o
                0x0000000020000020                nonce
 *fill*         0x0000000020000026        0x2 
 .data.personalization_String
                0x0000000020000028        0x8 Core/Src/main.o
                0x0000000020000028                personalization_String
 .data.SystemCoreClock
                0x0000000020000030        0x4 Core/Src/system_stm32f0xx.o
                0x0000000020000030                SystemCoreClock
 .data.uwTickPrio
                0x0000000020000034        0x4 Drivers/STM32F0xx_HAL_Driver/Src/stm32f0xx_hal.o
                0x0000000020000034                uwTickPrio
 .data.uwTickFreq
                0x0000000020000038        0x1 Drivers/STM32F0xx_HAL_Driver/Src/stm32f0xx_hal.o
                0x0000000020000038                uwTickFreq
                0x000000002000003c                . = ALIGN (0x4)
 *fill*         0x0000000020000039        0x3 
                0x000000002000003c                _edata = .

.igot.plt       0x000000002000003c        0x0 load address 0x0000000008007900
 .igot.plt      0x000000002000003c        0x0 /Applications/STM32CubeIDE.app/Contents/Eclipse/plugins/com.st.stm32cube.ide.mcu.externaltools.gnu-tools-for-stm32.7-2018-q2-update.macos64_1.4.0.202007081208/tools/bin/../lib/gcc/arm-none-eabi/7.3.1/thumb/v6-m/crtbegin.o
                0x000000002000003c                . = ALIGN (0x4)

.bss            0x000000002000003c      0x150 load address 0x0000000008007900
                0x000000002000003c                _sbss = .
                0x000000002000003c                __bss_start__ = _sbss
 *(.bss)
 .bss           0x000000002000003c       0x1c /Applications/STM32CubeIDE.app/Contents/Eclipse/plugins/com.st.stm32cube.ide.mcu.externaltools.gnu-tools-for-stm32.7-2018-q2-update.macos64_1.4.0.202007081208/tools/bin/../lib/gcc/arm-none-eabi/7.3.1/thumb/v6-m/crtbegin.o
 *(.bss*)
 *(COMMON)
 COMMON         0x0000000020000058      0x130 Core/Src/main.o
                0x0000000020000058                pubKey
                0x0000000020000078                RNGstate
                0x00000000200000a4                hcrc
                0x00000000200000c0                RNGinit_st
                0x00000000200000d8                huart2
                0x0000000020000158                RandomString
                0x0000000020000178                Flash_ROM
                0x0000000020000184                status
 COMMON         0x0000000020000188        0x4 Drivers/STM32F0xx_HAL_Driver/Src/stm32f0xx_hal.o
                0x0000000020000188                uwTick
                0x000000002000018c                . = ALIGN (0x4)
                0x000000002000018c                _ebss = .
                0x000000002000018c                __bss_end__ = _ebss

._user_heap_stack
                0x000000002000018c      0x604 load address 0x0000000008007900
                0x0000000020000190                . = ALIGN (0x8)
 *fill*         0x000000002000018c        0x4 
                [!provide]                        PROVIDE (end = .)
                0x0000000020000190                PROVIDE (_end = .)
                0x0000000020000390                . = (. + _Min_Heap_Size)
 *fill*         0x0000000020000190      0x200 
                0x0000000020000790                . = (. + _Min_Stack_Size)
 *fill*         0x0000000020000390      0x400 
                0x0000000020000790                . = ALIGN (0x8)

/DISCARD/
 libc.a(*)
 libm.a(*)
 libgcc.a(*)

.ARM.attributes
                0x0000000000000000       0x28
 *(.ARM.attributes)
 .ARM.attributes
                0x0000000000000000       0x1e /Applications/STM32CubeIDE.app/Contents/Eclipse/plugins/com.st.stm32cube.ide.mcu.externaltools.gnu-tools-for-stm32.7-2018-q2-update.macos64_1.4.0.202007081208/tools/bin/../lib/gcc/arm-none-eabi/7.3.1/thumb/v6-m/crti.o
 .ARM.attributes
                0x000000000000001e       0x2c /Applications/STM32CubeIDE.app/Contents/Eclipse/plugins/com.st.stm32cube.ide.mcu.externaltools.gnu-tools-for-stm32.7-2018-q2-update.macos64_1.4.0.202007081208/tools/bin/../lib/gcc/arm-none-eabi/7.3.1/thumb/v6-m/crtbegin.o
 .ARM.attributes
                0x000000000000004a       0x31 Core/Src/main.o
 .ARM.attributes
                0x000000000000007b       0x31 Core/Src/stm32f0xx_hal_msp.o
 .ARM.attributes
                0x00000000000000ac       0x31 Core/Src/stm32f0xx_it.o
 .ARM.attributes
                0x00000000000000dd       0x31 Core/Src/system_stm32f0xx.o
 .ARM.attributes
                0x000000000000010e       0x21 Core/Startup/startup_stm32f042k6tx.o
 .ARM.attributes
                0x000000000000012f       0x31 Drivers/STM32F0xx_HAL_Driver/Src/stm32f0xx_hal.o
 .ARM.attributes
                0x0000000000000160       0x31 Drivers/STM32F0xx_HAL_Driver/Src/stm32f0xx_hal_cortex.o
 .ARM.attributes
                0x0000000000000191       0x31 Drivers/STM32F0xx_HAL_Driver/Src/stm32f0xx_hal_crc.o
 .ARM.attributes
                0x00000000000001c2       0x31 Drivers/STM32F0xx_HAL_Driver/Src/stm32f0xx_hal_gpio.o
 .ARM.attributes
                0x00000000000001f3       0x31 Drivers/STM32F0xx_HAL_Driver/Src/stm32f0xx_hal_rcc.o
 .ARM.attributes
                0x0000000000000224       0x31 Drivers/STM32F0xx_HAL_Driver/Src/stm32f0xx_hal_uart.o
 .ARM.attributes
                0x0000000000000255       0x2d /Users/shengyisong/Documents/stm32_docs/STM32CubeExpansion_Crypto_V3.1.0/Fw_Crypto/STM32F0/Middlewares/ST/STM32_Cryptographic/Lib/libSTM32CryptographicV3.0.0_CM0_GCC_ot.a(crypto.o)
 .ARM.attributes
                0x0000000000000282       0x2c /Applications/STM32CubeIDE.app/Contents/Eclipse/plugins/com.st.stm32cube.ide.mcu.externaltools.gnu-tools-for-stm32.7-2018-q2-update.macos64_1.4.0.202007081208/tools/bin/../lib/gcc/arm-none-eabi/7.3.1/../../../../arm-none-eabi/lib/thumb/v6-m/libc_nano.a(lib_a-init.o)
 .ARM.attributes
                0x00000000000002ae       0x2c /Applications/STM32CubeIDE.app/Contents/Eclipse/plugins/com.st.stm32cube.ide.mcu.externaltools.gnu-tools-for-stm32.7-2018-q2-update.macos64_1.4.0.202007081208/tools/bin/../lib/gcc/arm-none-eabi/7.3.1/../../../../arm-none-eabi/lib/thumb/v6-m/libc_nano.a(lib_a-memcpy-stub.o)
 .ARM.attributes
                0x00000000000002da       0x2c /Applications/STM32CubeIDE.app/Contents/Eclipse/plugins/com.st.stm32cube.ide.mcu.externaltools.gnu-tools-for-stm32.7-2018-q2-update.macos64_1.4.0.202007081208/tools/bin/../lib/gcc/arm-none-eabi/7.3.1/../../../../arm-none-eabi/lib/thumb/v6-m/libc_nano.a(lib_a-memmove.o)
 .ARM.attributes
                0x0000000000000306       0x2c /Applications/STM32CubeIDE.app/Contents/Eclipse/plugins/com.st.stm32cube.ide.mcu.externaltools.gnu-tools-for-stm32.7-2018-q2-update.macos64_1.4.0.202007081208/tools/bin/../lib/gcc/arm-none-eabi/7.3.1/../../../../arm-none-eabi/lib/thumb/v6-m/libc_nano.a(lib_a-memset.o)
 .ARM.attributes
                0x0000000000000332       0x1e /Applications/STM32CubeIDE.app/Contents/Eclipse/plugins/com.st.stm32cube.ide.mcu.externaltools.gnu-tools-for-stm32.7-2018-q2-update.macos64_1.4.0.202007081208/tools/bin/../lib/gcc/arm-none-eabi/7.3.1/thumb/v6-m/libgcc.a(_udivsi3.o)
 .ARM.attributes
                0x0000000000000350       0x1e /Applications/STM32CubeIDE.app/Contents/Eclipse/plugins/com.st.stm32cube.ide.mcu.externaltools.gnu-tools-for-stm32.7-2018-q2-update.macos64_1.4.0.202007081208/tools/bin/../lib/gcc/arm-none-eabi/7.3.1/thumb/v6-m/libgcc.a(_dvmd_tls.o)
 .ARM.attributes
                0x000000000000036e       0x2c /Applications/STM32CubeIDE.app/Contents/Eclipse/plugins/com.st.stm32cube.ide.mcu.externaltools.gnu-tools-for-stm32.7-2018-q2-update.macos64_1.4.0.202007081208/tools/bin/../lib/gcc/arm-none-eabi/7.3.1/thumb/v6-m/libgcc.a(_muldi3.o)
 .ARM.attributes
                0x000000000000039a       0x1e /Applications/STM32CubeIDE.app/Contents/Eclipse/plugins/com.st.stm32cube.ide.mcu.externaltools.gnu-tools-for-stm32.7-2018-q2-update.macos64_1.4.0.202007081208/tools/bin/../lib/gcc/arm-none-eabi/7.3.1/thumb/v6-m/crtn.o
OUTPUT(RNG.elf elf32-littlearm)

.debug_info     0x0000000000000000     0xa1dd
 .debug_info    0x0000000000000000     0x120d Core/Src/main.o
 .debug_info    0x000000000000120d     0x12c6 Core/Src/stm32f0xx_hal_msp.o
 .debug_info    0x00000000000024d3      0x9bf Core/Src/stm32f0xx_it.o
 .debug_info    0x0000000000002e92      0xabb Core/Src/system_stm32f0xx.o
 .debug_info    0x000000000000394d       0x22 Core/Startup/startup_stm32f042k6tx.o
 .debug_info    0x000000000000396f      0xeba Drivers/STM32F0xx_HAL_Driver/Src/stm32f0xx_hal.o
 .debug_info    0x0000000000004829      0xf8b Drivers/STM32F0xx_HAL_Driver/Src/stm32f0xx_hal_cortex.o
 .debug_info    0x00000000000057b4      0xda7 Drivers/STM32F0xx_HAL_Driver/Src/stm32f0xx_hal_crc.o
 .debug_info    0x000000000000655b      0xea6 Drivers/STM32F0xx_HAL_Driver/Src/stm32f0xx_hal_gpio.o
 .debug_info    0x0000000000007401     0x104a Drivers/STM32F0xx_HAL_Driver/Src/stm32f0xx_hal_rcc.o
 .debug_info    0x000000000000844b     0x1d92 Drivers/STM32F0xx_HAL_Driver/Src/stm32f0xx_hal_uart.o

.debug_abbrev   0x0000000000000000     0x16f3
 .debug_abbrev  0x0000000000000000      0x1e3 Core/Src/main.o
 .debug_abbrev  0x00000000000001e3      0x208 Core/Src/stm32f0xx_hal_msp.o
 .debug_abbrev  0x00000000000003eb      0x1ad Core/Src/stm32f0xx_it.o
 .debug_abbrev  0x0000000000000598      0x1e7 Core/Src/system_stm32f0xx.o
 .debug_abbrev  0x000000000000077f       0x12 Core/Startup/startup_stm32f042k6tx.o
 .debug_abbrev  0x0000000000000791      0x283 Drivers/STM32F0xx_HAL_Driver/Src/stm32f0xx_hal.o
 .debug_abbrev  0x0000000000000a14      0x32f Drivers/STM32F0xx_HAL_Driver/Src/stm32f0xx_hal_cortex.o
 .debug_abbrev  0x0000000000000d43      0x25b Drivers/STM32F0xx_HAL_Driver/Src/stm32f0xx_hal_crc.o
 .debug_abbrev  0x0000000000000f9e      0x248 Drivers/STM32F0xx_HAL_Driver/Src/stm32f0xx_hal_gpio.o
 .debug_abbrev  0x00000000000011e6      0x297 Drivers/STM32F0xx_HAL_Driver/Src/stm32f0xx_hal_rcc.o
 .debug_abbrev  0x000000000000147d      0x276 Drivers/STM32F0xx_HAL_Driver/Src/stm32f0xx_hal_uart.o

.debug_aranges  0x0000000000000000      0x5e0
 .debug_aranges
                0x0000000000000000       0x38 Core/Src/main.o
 .debug_aranges
                0x0000000000000038       0x40 Core/Src/stm32f0xx_hal_msp.o
 .debug_aranges
                0x0000000000000078       0x40 Core/Src/stm32f0xx_it.o
 .debug_aranges
                0x00000000000000b8       0x28 Core/Src/system_stm32f0xx.o
 .debug_aranges
                0x00000000000000e0       0x28 Core/Startup/startup_stm32f042k6tx.o
 .debug_aranges
                0x0000000000000108       0xd0 Drivers/STM32F0xx_HAL_Driver/Src/stm32f0xx_hal.o
 .debug_aranges
                0x00000000000001d8       0xc0 Drivers/STM32F0xx_HAL_Driver/Src/stm32f0xx_hal_cortex.o
 .debug_aranges
                0x0000000000000298       0x60 Drivers/STM32F0xx_HAL_Driver/Src/stm32f0xx_hal_crc.o
 .debug_aranges
                0x00000000000002f8       0x58 Drivers/STM32F0xx_HAL_Driver/Src/stm32f0xx_hal_gpio.o
 .debug_aranges
                0x0000000000000350       0x80 Drivers/STM32F0xx_HAL_Driver/Src/stm32f0xx_hal_rcc.o
 .debug_aranges
                0x00000000000003d0      0x210 Drivers/STM32F0xx_HAL_Driver/Src/stm32f0xx_hal_uart.o

.debug_ranges   0x0000000000000000      0x538
 .debug_ranges  0x0000000000000000       0x28 Core/Src/main.o
 .debug_ranges  0x0000000000000028       0x30 Core/Src/stm32f0xx_hal_msp.o
 .debug_ranges  0x0000000000000058       0x30 Core/Src/stm32f0xx_it.o
 .debug_ranges  0x0000000000000088       0x18 Core/Src/system_stm32f0xx.o
 .debug_ranges  0x00000000000000a0       0x20 Core/Startup/startup_stm32f042k6tx.o
 .debug_ranges  0x00000000000000c0       0xc0 Drivers/STM32F0xx_HAL_Driver/Src/stm32f0xx_hal.o
 .debug_ranges  0x0000000000000180       0xb0 Drivers/STM32F0xx_HAL_Driver/Src/stm32f0xx_hal_cortex.o
 .debug_ranges  0x0000000000000230       0x50 Drivers/STM32F0xx_HAL_Driver/Src/stm32f0xx_hal_crc.o
 .debug_ranges  0x0000000000000280       0x48 Drivers/STM32F0xx_HAL_Driver/Src/stm32f0xx_hal_gpio.o
 .debug_ranges  0x00000000000002c8       0x70 Drivers/STM32F0xx_HAL_Driver/Src/stm32f0xx_hal_rcc.o
 .debug_ranges  0x0000000000000338      0x200 Drivers/STM32F0xx_HAL_Driver/Src/stm32f0xx_hal_uart.o

.debug_macro    0x0000000000000000    0x16ce8
 .debug_macro   0x0000000000000000      0x54a Core/Src/main.o
 .debug_macro   0x000000000000054a      0xa48 Core/Src/main.o
 .debug_macro   0x0000000000000f92       0x22 Core/Src/main.o
 .debug_macro   0x0000000000000fb4       0x8e Core/Src/main.o
 .debug_macro   0x0000000000001042       0x51 Core/Src/main.o
 .debug_macro   0x0000000000001093       0xef Core/Src/main.o
 .debug_macro   0x0000000000001182       0x6a Core/Src/main.o
 .debug_macro   0x00000000000011ec      0x1df Core/Src/main.o
 .debug_macro   0x00000000000013cb      0x147 Core/Src/main.o
 .debug_macro   0x0000000000001512       0x48 Core/Src/main.o
 .debug_macro   0x000000000000155a       0x18 Core/Src/main.o
 .debug_macro   0x0000000000001572       0x46 Core/Src/main.o
 .debug_macro   0x00000000000015b8       0x3c Core/Src/main.o
 .debug_macro   0x00000000000015f4       0x34 Core/Src/main.o
 .debug_macro   0x0000000000001628       0x16 Core/Src/main.o
 .debug_macro   0x000000000000163e      0x10e Core/Src/main.o
 .debug_macro   0x000000000000174c       0x8d Core/Src/main.o
 .debug_macro   0x00000000000017d9       0x52 Core/Src/main.o
 .debug_macro   0x000000000000182b       0x1f Core/Src/main.o
 .debug_macro   0x000000000000184a       0x43 Core/Src/main.o
 .debug_macro   0x000000000000188d       0x20 Core/Src/main.o
 .debug_macro   0x00000000000018ad      0x1a3 Core/Src/main.o
 .debug_macro   0x0000000000001a50      0x330 Core/Src/main.o
 .debug_macro   0x0000000000001d80       0x16 Core/Src/main.o
 .debug_macro   0x0000000000001d96       0x29 Core/Src/main.o
 .debug_macro   0x0000000000001dbf       0x78 Core/Src/main.o
 .debug_macro   0x0000000000001e37      0x214 Core/Src/main.o
 .debug_macro   0x000000000000204b       0x82 Core/Src/main.o
 .debug_macro   0x00000000000020cd       0x6d Core/Src/main.o
 .debug_macro   0x000000000000213a       0x3a Core/Src/main.o
 .debug_macro   0x0000000000002174       0x16 Core/Src/main.o
 .debug_macro   0x000000000000218a       0x16 Core/Src/main.o
 .debug_macro   0x00000000000021a0       0x16 Core/Src/main.o
 .debug_macro   0x00000000000021b6       0x10 Core/Src/main.o
 .debug_macro   0x00000000000021c6       0x10 Core/Src/main.o
 .debug_macro   0x00000000000021d6       0x10 Core/Src/main.o
 .debug_macro   0x00000000000021e6       0x10 Core/Src/main.o
 .debug_macro   0x00000000000021f6       0x10 Core/Src/main.o
 .debug_macro   0x0000000000002206       0x10 Core/Src/main.o
 .debug_macro   0x0000000000002216       0x34 Core/Src/main.o
 .debug_macro   0x000000000000224a       0x10 Core/Src/main.o
 .debug_macro   0x000000000000225a       0x3a Core/Src/main.o
 .debug_macro   0x0000000000002294       0x16 Core/Src/main.o
 .debug_macro   0x00000000000022aa       0x1c Core/Src/main.o
 .debug_macro   0x00000000000022c6      0x133 Core/Src/main.o
 .debug_macro   0x00000000000023f9       0x2e Core/Src/main.o
 .debug_macro   0x0000000000002427       0x22 Core/Src/main.o
 .debug_macro   0x0000000000002449       0x1c Core/Src/main.o
 .debug_macro   0x0000000000002465       0x22 Core/Src/main.o
 .debug_macro   0x0000000000002487       0xaf Core/Src/main.o
 .debug_macro   0x0000000000002536      0x391 Core/Src/main.o
 .debug_macro   0x00000000000028c7     0xf1e6 Core/Src/main.o
 .debug_macro   0x0000000000011aad       0x3c Core/Src/main.o
 .debug_macro   0x0000000000011ae9       0x48 Core/Src/main.o
 .debug_macro   0x0000000000011b31      0x946 Core/Src/main.o
 .debug_macro   0x0000000000012477      0x46b Core/Src/main.o
 .debug_macro   0x00000000000128e2      0x12f Core/Src/main.o
 .debug_macro   0x0000000000012a11      0x130 Core/Src/main.o
 .debug_macro   0x0000000000012b41      0x199 Core/Src/main.o
 .debug_macro   0x0000000000012cda      0x1ed Core/Src/main.o
 .debug_macro   0x0000000000012ec7       0x34 Core/Src/main.o
 .debug_macro   0x0000000000012efb       0x43 Core/Src/main.o
 .debug_macro   0x0000000000012f3e       0x28 Core/Src/main.o
 .debug_macro   0x0000000000012f66       0x7a Core/Src/main.o
 .debug_macro   0x0000000000012fe0       0x4c Core/Src/main.o
 .debug_macro   0x000000000001302c       0xb0 Core/Src/main.o
 .debug_macro   0x00000000000130dc      0x182 Core/Src/main.o
 .debug_macro   0x000000000001325e      0x22c Core/Src/main.o
 .debug_macro   0x000000000001348a       0x60 Core/Src/main.o
 .debug_macro   0x00000000000134ea       0xa5 Core/Src/main.o
 .debug_macro   0x000000000001358f       0x4c Core/Src/main.o
 .debug_macro   0x00000000000135db      0x15b Core/Src/main.o
 .debug_macro   0x0000000000013736      0x589 Core/Src/main.o
 .debug_macro   0x0000000000013cbf       0x44 Core/Src/main.o
 .debug_macro   0x0000000000013d03      0x12e Core/Src/main.o
 .debug_macro   0x0000000000013e31       0x52 Core/Src/main.o
 .debug_macro   0x0000000000013e83       0x16 Core/Src/main.o
 .debug_macro   0x0000000000013e99       0x35 Core/Src/main.o
 .debug_macro   0x0000000000013ece       0x20 Core/Src/main.o
 .debug_macro   0x0000000000013eee      0x51a Core/Src/stm32f0xx_hal_msp.o
 .debug_macro   0x0000000000014408      0x524 Core/Src/stm32f0xx_it.o
 .debug_macro   0x000000000001492c      0x507 Core/Src/system_stm32f0xx.o
 .debug_macro   0x0000000000014e33      0x52b Drivers/STM32F0xx_HAL_Driver/Src/stm32f0xx_hal.o
 .debug_macro   0x000000000001535e      0x507 Drivers/STM32F0xx_HAL_Driver/Src/stm32f0xx_hal_cortex.o
 .debug_macro   0x0000000000015865      0x507 Drivers/STM32F0xx_HAL_Driver/Src/stm32f0xx_hal_crc.o
 .debug_macro   0x0000000000015d6c      0x53f Drivers/STM32F0xx_HAL_Driver/Src/stm32f0xx_hal_gpio.o
 .debug_macro   0x00000000000162ab      0x519 Drivers/STM32F0xx_HAL_Driver/Src/stm32f0xx_hal_rcc.o
 .debug_macro   0x00000000000167c4      0x524 Drivers/STM32F0xx_HAL_Driver/Src/stm32f0xx_hal_uart.o

.debug_line     0x0000000000000000    0x18f1c
 .debug_line    0x0000000000000000     0x2658 Core/Src/main.o
 .debug_line    0x0000000000002658     0x2620 Core/Src/stm32f0xx_hal_msp.o
 .debug_line    0x0000000000004c78     0x261f Core/Src/stm32f0xx_it.o
 .debug_line    0x0000000000007297     0x25db Core/Src/system_stm32f0xx.o
 .debug_line    0x0000000000009872       0x9b Core/Startup/startup_stm32f042k6tx.o
 .debug_line    0x000000000000990d     0x276e Drivers/STM32F0xx_HAL_Driver/Src/stm32f0xx_hal.o
 .debug_line    0x000000000000c07b     0x2786 Drivers/STM32F0xx_HAL_Driver/Src/stm32f0xx_hal_cortex.o
 .debug_line    0x000000000000e801     0x270b Drivers/STM32F0xx_HAL_Driver/Src/stm32f0xx_hal_crc.o
 .debug_line    0x0000000000010f0c     0x271e Drivers/STM32F0xx_HAL_Driver/Src/stm32f0xx_hal_gpio.o
 .debug_line    0x000000000001362a     0x285b Drivers/STM32F0xx_HAL_Driver/Src/stm32f0xx_hal_rcc.o
 .debug_line    0x0000000000015e85     0x3097 Drivers/STM32F0xx_HAL_Driver/Src/stm32f0xx_hal_uart.o

.debug_str      0x0000000000000000    0x729cf
 .debug_str     0x0000000000000000    0x71274 Core/Src/main.o
                                      0x715f1 (size before relaxing)
 .debug_str     0x0000000000071274      0x13a Core/Src/stm32f0xx_hal_msp.o
                                      0x71516 (size before relaxing)
 .debug_str     0x00000000000713ae       0x76 Core/Src/stm32f0xx_it.o
                                      0x70f54 (size before relaxing)
 .debug_str     0x0000000000071424       0x5f Core/Src/system_stm32f0xx.o
                                      0x70e7d (size before relaxing)
 .debug_str     0x0000000000071483       0x36 Core/Startup/startup_stm32f042k6tx.o
                                         0x70 (size before relaxing)
 .debug_str     0x00000000000714b9      0x4d3 Drivers/STM32F0xx_HAL_Driver/Src/stm32f0xx_hal.o
                                      0x713a3 (size before relaxing)
 .debug_str     0x000000000007198c      0x1ee Drivers/STM32F0xx_HAL_Driver/Src/stm32f0xx_hal_cortex.o
                                      0x7125b (size before relaxing)
 .debug_str     0x0000000000071b7a       0xc5 Drivers/STM32F0xx_HAL_Driver/Src/stm32f0xx_hal_crc.o
                                      0x71080 (size before relaxing)
 .debug_str     0x0000000000071c3f      0x22a Drivers/STM32F0xx_HAL_Driver/Src/stm32f0xx_hal_gpio.o
                                      0x71119 (size before relaxing)
 .debug_str     0x0000000000071e69      0x372 Drivers/STM32F0xx_HAL_Driver/Src/stm32f0xx_hal_rcc.o
                                      0x71292 (size before relaxing)
 .debug_str     0x00000000000721db      0x7f4 Drivers/STM32F0xx_HAL_Driver/Src/stm32f0xx_hal_uart.o
                                      0x71a92 (size before relaxing)

.comment        0x0000000000000000       0xfd
 .comment       0x0000000000000000       0x7b Core/Src/main.o
                                         0x7c (size before relaxing)
 .comment       0x000000000000007b       0x7c Core/Src/stm32f0xx_hal_msp.o
 .comment       0x000000000000007b       0x7c Core/Src/stm32f0xx_it.o
 .comment       0x000000000000007b       0x7c Core/Src/system_stm32f0xx.o
 .comment       0x000000000000007b       0x7c Drivers/STM32F0xx_HAL_Driver/Src/stm32f0xx_hal.o
 .comment       0x000000000000007b       0x7c Drivers/STM32F0xx_HAL_Driver/Src/stm32f0xx_hal_cortex.o
 .comment       0x000000000000007b       0x7c Drivers/STM32F0xx_HAL_Driver/Src/stm32f0xx_hal_crc.o
 .comment       0x000000000000007b       0x7c Drivers/STM32F0xx_HAL_Driver/Src/stm32f0xx_hal_gpio.o
 .comment       0x000000000000007b       0x7c Drivers/STM32F0xx_HAL_Driver/Src/stm32f0xx_hal_rcc.o
 .comment       0x000000000000007b       0x7c Drivers/STM32F0xx_HAL_Driver/Src/stm32f0xx_hal_uart.o
 .comment       0x000000000000007b       0x82 /Users/shengyisong/Documents/stm32_docs/STM32CubeExpansion_Crypto_V3.1.0/Fw_Crypto/STM32F0/Middlewares/ST/STM32_Cryptographic/Lib/libSTM32CryptographicV3.0.0_CM0_GCC_ot.a(crypto.o)
                                         0x83 (size before relaxing)

.debug_frame    0x0000000000000000     0x1414
 .debug_frame   0x0000000000000000       0x80 Core/Src/main.o
 .debug_frame   0x0000000000000080       0xb0 Core/Src/stm32f0xx_hal_msp.o
 .debug_frame   0x0000000000000130       0x9c Core/Src/stm32f0xx_it.o
 .debug_frame   0x00000000000001cc       0x4c Core/Src/system_stm32f0xx.o
 .debug_frame   0x0000000000000218      0x2a4 Drivers/STM32F0xx_HAL_Driver/Src/stm32f0xx_hal.o
 .debug_frame   0x00000000000004bc      0x2a0 Drivers/STM32F0xx_HAL_Driver/Src/stm32f0xx_hal_cortex.o
 .debug_frame   0x000000000000075c      0x130 Drivers/STM32F0xx_HAL_Driver/Src/stm32f0xx_hal_crc.o
 .debug_frame   0x000000000000088c      0x110 Drivers/STM32F0xx_HAL_Driver/Src/stm32f0xx_hal_gpio.o
 .debug_frame   0x000000000000099c      0x198 Drivers/STM32F0xx_HAL_Driver/Src/stm32f0xx_hal_rcc.o
 .debug_frame   0x0000000000000b34      0x7f0 Drivers/STM32F0xx_HAL_Driver/Src/stm32f0xx_hal_uart.o
 .debug_frame   0x0000000000001324       0x2c /Applications/STM32CubeIDE.app/Contents/Eclipse/plugins/com.st.stm32cube.ide.mcu.externaltools.gnu-tools-for-stm32.7-2018-q2-update.macos64_1.4.0.202007081208/tools/bin/../lib/gcc/arm-none-eabi/7.3.1/../../../../arm-none-eabi/lib/thumb/v6-m/libc_nano.a(lib_a-init.o)
 .debug_frame   0x0000000000001350       0x28 /Applications/STM32CubeIDE.app/Contents/Eclipse/plugins/com.st.stm32cube.ide.mcu.externaltools.gnu-tools-for-stm32.7-2018-q2-update.macos64_1.4.0.202007081208/tools/bin/../lib/gcc/arm-none-eabi/7.3.1/../../../../arm-none-eabi/lib/thumb/v6-m/libc_nano.a(lib_a-memcpy-stub.o)
 .debug_frame   0x0000000000001378       0x28 /Applications/STM32CubeIDE.app/Contents/Eclipse/plugins/com.st.stm32cube.ide.mcu.externaltools.gnu-tools-for-stm32.7-2018-q2-update.macos64_1.4.0.202007081208/tools/bin/../lib/gcc/arm-none-eabi/7.3.1/../../../../arm-none-eabi/lib/thumb/v6-m/libc_nano.a(lib_a-memmove.o)
 .debug_frame   0x00000000000013a0       0x20 /Applications/STM32CubeIDE.app/Contents/Eclipse/plugins/com.st.stm32cube.ide.mcu.externaltools.gnu-tools-for-stm32.7-2018-q2-update.macos64_1.4.0.202007081208/tools/bin/../lib/gcc/arm-none-eabi/7.3.1/../../../../arm-none-eabi/lib/thumb/v6-m/libc_nano.a(lib_a-memset.o)
 .debug_frame   0x00000000000013c0       0x20 /Applications/STM32CubeIDE.app/Contents/Eclipse/plugins/com.st.stm32cube.ide.mcu.externaltools.gnu-tools-for-stm32.7-2018-q2-update.macos64_1.4.0.202007081208/tools/bin/../lib/gcc/arm-none-eabi/7.3.1/thumb/v6-m/libgcc.a(_udivsi3.o)
 .debug_frame   0x00000000000013e0       0x34 /Applications/STM32CubeIDE.app/Contents/Eclipse/plugins/com.st.stm32cube.ide.mcu.externaltools.gnu-tools-for-stm32.7-2018-q2-update.macos64_1.4.0.202007081208/tools/bin/../lib/gcc/arm-none-eabi/7.3.1/thumb/v6-m/libgcc.a(_muldi3.o)
